1791331830.292503194
1791331831.296966838
1791331832.300452985
1791331833.303514599
1791331834.306816834
1791331835.310150592
1791331836.313365133
1791331837.316716058
1791331838.320080344
1791331839.323238379
1791331840.326249112
1791331841.329424130
1791331842.333041923
1791331843.336277168
1791331844.339665281
1791331845.343214371
1791331846.346477682
1791331847.349803063
1791331848.353147646
1791331849.356535271
1791331850.359918748
1791331851.363026900
1791331852.366121853
1791331853.369110388
1791331854.372558677
1791331855.375829595
1791331856.379579291
1791331857.383267346
1791331858.386208877
1791331859.389194552
1791331860.392671710
1791331861.396316704
1791331862.399842244
1791331863.403137953
1791331864.406505922
1791331865.409688705
1791331866.412878445
1791331867.416203737
1791331868.419923982
1791331869.423424415
1791331870.426846634
1791331871.430321153
1791331872.433586304
1791331873.436955936
1791331874.440240323
1791331875.443215266
1791331876.446357095
1791331877.449857081
1791331878.453407619
1791331879.456858197
1791331880.460648307
1791331881.464117950
1791331882.467229383
1791331883.471055685
1791331884.474515809
1791331885.477921587
1791331886.481412259
1791331887.484896477
1791331888.488332282
1791331889.492005237
1791331890.495373673
1791331891.498577002
1791331892.501793813
1791331893.505372181
1791331894.509444257
1791331895.512878930
1791331896.516319596
1791331897.519572372
1791332118.662915808
1791332119.686979937
1791332120.701260469
1791332121.704570857
1791332122.707758345
1791332123.711639294
1791332124.716102012
1791332125.719480590
