warning: unused attribute
   --> crates/hs-loop/src/appback.rs:148:1
    |
148 | #[must_use]
    | ^^^^^^^^^^^ help: remove this attribute
    |
note: attribute also specified here
   --> crates/hs-loop/src/appback.rs:144:1
    |
144 | #[must_use]
    | ^^^^^^^^^^^
    = warning: this was previously accepted by the compiler but is being phased out; it will become a hard error in a future release!
    = note: `#[warn(unused_attributes)]` (part of `#[warn(unused)]`) on by default

warning: use of deprecated method `std::sync::atomic::Atomic::<usize>::fetch_update`: renamed to `try_update` for consistency
   --> crates/hs-loop/src/repexec.rs:239:10
    |
239 |         .fetch_update(
    |          ^^^^^^^^^^^^
    |
    = note: `#[warn(deprecated)]` on by default
help: replace the use of the deprecated method
    |
239 -         .fetch_update(
239 +         .try_update(
    |


running 1 test
registry_delegation_keeps_authored_parameters --- FAILED

failures:

---- registry_delegation_keeps_authored_parameters stdout ----

thread 'registry_delegation_keeps_authored_parameters' (73550) panicked at crates/hs-loop/tests/tool_definition_truth_red.rs:27:3:
agent.spawn lost mission: [Object {"function": Object {"description": String("Registered plugin tool; call with a JSON args object (see the harness contract for this tool's argument shape)."), "name": String("agent.spawn"), "parameters": Object {"type": String("object")}}, "type": String("function")}]
note: run with `RUST_BACKTRACE=1` environment variable to display a backtrace


failures:
    registry_delegation_keeps_authored_parameters

test result: FAILED. 0 passed; 1 failed; 0 ignored; 0 measured; 2 filtered out; finished in 0.00s

error: test failed, to rerun pass `-p hs-loop --test tool_definition_truth_red`
