warning: unused attribute
   --> crates/hs-loop/src/appback.rs:148:1
    |
148 | #[must_use]
    | ^^^^^^^^^^^ help: remove this attribute
    |
note: attribute also specified here
   --> crates/hs-loop/src/appback.rs:144:1
    |
144 | #[must_use]
    | ^^^^^^^^^^^
    = warning: this was previously accepted by the compiler but is being phased out; it will become a hard error in a future release!
    = note: `#[warn(unused_attributes)]` (part of `#[warn(unused)]`) on by default

warning: use of deprecated method `std::sync::atomic::Atomic::<usize>::fetch_update`: renamed to `try_update` for consistency
   --> crates/hs-loop/src/repexec.rs:239:10
    |
239 |         .fetch_update(
    |          ^^^^^^^^^^^^
    |
    = note: `#[warn(deprecated)]` on by default
help: replace the use of the deprecated method
    |
239 -         .fetch_update(
239 +         .try_update(
    |


running 1 test
past_eof_is_error_but_empty_file_offset_one_is_valid --- FAILED

failures:

---- past_eof_is_error_but_empty_file_offset_one_is_valid stdout ----

thread 'past_eof_is_error_but_empty_file_offset_one_is_valid' (152255) panicked at crates/hs-loop/tests/dsh_read_red.rs:14:146:
assertion failed: hs_loop::dshtools::read(d.path(),
        &json!({"file_path":"a","offset":2})).is_err()
note: run with `RUST_BACKTRACE=1` environment variable to display a backtrace


failures:
    past_eof_is_error_but_empty_file_offset_one_is_valid

test result: FAILED. 0 passed; 1 failed; 0 ignored; 0 measured; 5 filtered out; finished in 0.00s

error: test failed, to rerun pass `-p hs-loop --test dsh_read_red`
