error: no test target named `messages_history_red` in `hs-loop` package
help: available test targets:
    agentctl_red
    anchor_red
    answer_path_red
    answer_submit_inline_checks_red
    answer_submit_schema_red
    appback_red
    applypatch_red
    argcoerce_red
    ask_user_red
    assembler_red
    assembler_utf8_red
    assembly_probe
    autocompact_red
    autocomplete_red
    best_of_n_red
    blind_mode_red
    blob_scope_red
    budget
    budget_binding_red
    budget_dual_red
    budget_guard_mode_red
    candidate_artifact_red
    cap_change_red
    caps_default_red
    caps_persist_red
    checker_cost_red
    checker_idempotent_red
    compact_red
    compaction_red
    context_verify_red
    critic_key_red
    critic_no_call_kill_red
    critic_red
    critic_shell_red
    critic_tui_red
    critic_usage_red
    critic_wire_max_tokens_red
    ctx_order_red
    deepseek_toolchoice_red
    dsh_dispatch_red
    dsh_goal_core_red
    dsh_goal_session_red
    dsh_goal_wrapup_red
    dsh_jobs_red
    dsh_ledger_red
    dsh_mutation_red
    dsh_read_red
    dsh_search_red
    dsh_todo_red
    dsh_wire_red
    editorbox_red
    editsplice_red
    edittools_red
    egress_red
    engine_red
    evolution_red
    exec_guard_red
    exec_spill_red
    exo_pi_runtime_hierarchy_red
    export_red
    faithful_loop
    feedback_integrity_red
    first_run_gate_red
    fixlist2_red
    fixture_honesty_red
    fork_red
    gate3_proof
    gateway_add_red
    glob_red
    goal_host_red
    goal_palette_red
    goal_tool_red
    grok_live_ux_red
    grok_tui_fidelity_red
    idle_headless_red
    idle_pipe_red
    inner_loop
    installer_env_red
    installer_path_red
    isolation_red
    jobs_red
    json_booking_red
    ledger_read_evidence_red
    lineediting_red
    live_smoke
    loop_level_red
    markdown_red
    mcp_plugin_roots_red
    mcp_web_seam_red
    mcpbridge_red
    mcpcall_red
    memory_goal_red
    memory_k_red
    messages_api_red
    meta_harness_cli_red
    meta_harness_red
    mission_env_hint_red
    mission_path_red
    mission_resume_red
    mission_time_red
    mission_truth_red
    model_persist_red
    native_tools_red
    offered_surface_red
    parent_links_red
    permission_red
    plan_mode_red
    policy_rsi_red
    policy_wire_red
    prefetch_knobs_red
    provider_429_red
    provider_by_name_red
    provider_config_red
    publication_can_lose_red
    publication_red
    realbench
    realmodel
    reasoning_passback_red
    recovery_bc_red
    repexec_editguard_red
    repexec_inline_red
    repexec_red
    repexec_sandbox_red
    repexec_scratch_red
    repexec_stress_red
    repl_native_tools_red
    repl_red
    repl_shipped_rig_red
    repl_surface_red
    replay_red
    repotools
    resume_accounting_red
    resume_red
    resumepicker_red
    retrace_red
    retry_backoff_red
    rmm_ledger_red
    search_ui_red
    seatbelt_profile_red
    selfcheck_direct_red
    selfcheck_feedback_red
    selfcheck_same_env_red
    selfinstruct_red
    sessions_workspace_red
    setup_providers_toml_red
    skill_index_red
    statusbar_red
    steering_red
    stop_on_pass_red
    stranger_ready_red
    streaming_red
    structured_messages_red
    swarm_async_red
    swarm_live_red
    swarm_planes_red
    swarm_poll_gated_red
    swe_kernel_wiring_red
    swe_mission
    swe_run_driver
    symlink_write_red
    tb_mode_red
    termexec_confined_red
    termexec_red
    termworkdir_red
    themes_red
    tool_definition_truth_red
    toolchain_bootstrap_red
    tools2_red
    trace_ledger_red
    transcript_memory_red
    tui_addprovider_red
    tui_caps_activity_red
    tui_chrome_red
    tui_context_pct_red
    tui_cost_red
    tui_fixture_rate_red
    tui_fold_red
    tui_input_gaps_red
    tui_live_stats_red
    tui_m11_red
    tui_m12_red
    tui_m13_red
    tui_m14_red
    tui_m15_red
    tui_m16_red
    tui_m17_red
    tui_m18_red
    tui_m19_red
    tui_m20_red
    tui_m21_red
    tui_m22_red
    tui_m23_red
    tui_m24_red
    tui_m25_red
    tui_m26_red
    tui_m27_red
    tui_m28_red
    tui_m29_red
    tui_m2_red
    tui_m31_red
    tui_m3_red
    tui_m4_red
    tui_m5_red
    tui_m6_red
    tui_m7_red
    tui_m8_red
    tui_m9_red
    tui_palette_red
    tui_red
    tui_steering_red
    tui_views_red
    tui_visual_red
    ui_events_red
    uipaint_red
    utf8_tail_red
    v4pro_defaults_red
    verifier_evidence_red
    verifier_red
    wall_guard_red
    web_fetch_red
    web_search_red
    world_k_red
