warning: unused attribute
   --> crates/hs-loop/src/appback.rs:148:1
    |
148 | #[must_use]
    | ^^^^^^^^^^^ help: remove this attribute
    |
note: attribute also specified here
   --> crates/hs-loop/src/appback.rs:144:1
    |
144 | #[must_use]
    | ^^^^^^^^^^^
    = warning: this was previously accepted by the compiler but is being phased out; it will become a hard error in a future release!
    = note: `#[warn(unused_attributes)]` (part of `#[warn(unused)]`) on by default

warning: use of deprecated method `std::sync::atomic::Atomic::<usize>::fetch_update`: renamed to `try_update` for consistency
   --> crates/hs-loop/src/repexec.rs:239:10
    |
239 |         .fetch_update(
    |          ^^^^^^^^^^^^
    |
    = note: `#[warn(deprecated)]` on by default
help: replace the use of the deprecated method
    |
239 -         .fetch_update(
239 +         .try_update(
    |


running 1 test
open_pipe_delivers_one_idle_job_followup_without_more_input --- FAILED

failures:

---- open_pipe_delivers_one_idle_job_followup_without_more_input stdout ----

thread 'open_pipe_delivers_one_idle_job_followup_without_more_input' (496043) panicked at crates/hs-loop/tests/idle_pipe_red.rs:2:1349:
assertion `left == right` failed: project root: /tmp/.tmpedkUdq/proj (missions confined to this directory)
{"answer_path":"/tmp/.tmpedkUdq/proj/start-idle-probe/answer.txt","budget_killed":false,"harness_error":null,"model_calls":1,"outcome":"steps_exhausted","passed":false,"steps":1,"stream_id":"3689d5a6-3788-42dd-9e53-87a497ee8221"}
{"continuable":true,"hint":"re-run the same goal to continue this mission at step 2"}

  left: 1
 right: 2
note: run with `RUST_BACKTRACE=1` environment variable to display a backtrace


failures:
    open_pipe_delivers_one_idle_job_followup_without_more_input

test result: FAILED. 0 passed; 1 failed; 0 ignored; 0 measured; 0 filtered out; finished in 2.00s

error: test failed, to rerun pass `-p hs-loop --test idle_pipe_red`
