warning: unused attribute
   --> crates/hs-loop/src/appback.rs:148:1
    |
148 | #[must_use]
    | ^^^^^^^^^^^ help: remove this attribute
    |
note: attribute also specified here
   --> crates/hs-loop/src/appback.rs:144:1
    |
144 | #[must_use]
    | ^^^^^^^^^^^
    = warning: this was previously accepted by the compiler but is being phased out; it will become a hard error in a future release!
    = note: `#[warn(unused_attributes)]` (part of `#[warn(unused)]`) on by default

warning: use of deprecated method `std::sync::atomic::Atomic::<usize>::fetch_update`: renamed to `try_update` for consistency
   --> crates/hs-loop/src/repexec.rs:239:10
    |
239 |         .fetch_update(
    |          ^^^^^^^^^^^^
    |
    = note: `#[warn(deprecated)]` on by default
help: replace the use of the deprecated method
    |
239 -         .fetch_update(
239 +         .try_update(
    |


running 6 tests
. 1/6
loaded_skill_history_is_canonical_not_struct_dump --- FAILED
....
failures:

---- loaded_skill_history_is_canonical_not_struct_dump stdout ----

thread 'loaded_skill_history_is_canonical_not_struct_dump' (817837) panicked at crates/hs-loop/tests/dsh_skill_red.rs:8:656:
assertion `left == right` failed
  left: String("{\"content\":\"# Instructions\\nUse data.\",\"name\":\"alpha\",\"provider\":\"filesystem\",\"resourceBase\":{\"kind\":\"directory\",\"path\":\"/tmp/a&b\"}}")
 right: "<skill_content name=\"alpha\">\n<skill_resources>\nBase directory for this skill: /tmp/a&amp;b\nResolve relative paths mentioned by this skill against the base directory before using them. Load referenced resources only as needed.\n</skill_resources>\n\n<skill_instructions>\n# Instructions\nUse data.\n</skill_instructions>\n</skill_content>"
note: run with `RUST_BACKTRACE=1` environment variable to display a backtrace


failures:
    loaded_skill_history_is_canonical_not_struct_dump

test result: FAILED. 5 passed; 1 failed; 0 ignored; 0 measured; 0 filtered out; finished in 0.05s

error: test failed, to rerun pass `-p hs-loop --test dsh_skill_red`
