warning: unused attribute
   --> crates/hs-loop/src/appback.rs:148:1
    |
148 | #[must_use]
    | ^^^^^^^^^^^ help: remove this attribute
    |
note: attribute also specified here
   --> crates/hs-loop/src/appback.rs:144:1
    |
144 | #[must_use]
    | ^^^^^^^^^^^
    = warning: this was previously accepted by the compiler but is being phased out; it will become a hard error in a future release!
    = note: `#[warn(unused_attributes)]` (part of `#[warn(unused)]`) on by default

warning: use of deprecated method `std::sync::atomic::Atomic::<usize>::fetch_update`: renamed to `try_update` for consistency
   --> crates/hs-loop/src/repexec.rs:239:10
    |
239 |         .fetch_update(
    |          ^^^^^^^^^^^^
    |
    = note: `#[warn(deprecated)]` on by default
help: replace the use of the deprecated method
    |
239 -         .fetch_update(
239 +         .try_update(
    |


running 2 tests
headless_goal_drives_exact_budget_without_fabricating_pass --- FAILED
.
failures:

---- headless_goal_drives_exact_budget_without_fabricating_pass stdout ----

thread 'headless_goal_drives_exact_budget_without_fabricating_pass' (614623) panicked at crates/hs-loop/tests/idle_headless_red.rs:3:792:
assertion `left == right` failed: project root: /tmp/.tmpeNTcBp/run/work (missions confined to this directory)
{"answer_path":"/tmp/.tmpeNTcBp/run/work/long-work/answer.txt","budget_killed":false,"harness_error":null,"model_calls":1,"outcome":"steps_exhausted","passed":false,"steps":1,"stream_id":"4cd9ace1-efb7-4b59-9e0d-6d981b28d6f9"}
{"continuable":true,"hint":"re-run the same goal to continue this mission at step 2"}

  left: 1
 right: 3
note: run with `RUST_BACKTRACE=1` environment variable to display a backtrace


failures:
    headless_goal_drives_exact_budget_without_fabricating_pass

test result: FAILED. 1 passed; 1 failed; 0 ignored; 0 measured; 0 filtered out; finished in 0.39s

error: test failed, to rerun pass `-p hs-loop --test idle_headless_red`
