warning: unused attribute
   --> crates/hs-loop/src/appback.rs:148:1
    |
148 | #[must_use]
    | ^^^^^^^^^^^ help: remove this attribute
    |
note: attribute also specified here
   --> crates/hs-loop/src/appback.rs:144:1
    |
144 | #[must_use]
    | ^^^^^^^^^^^
    = warning: this was previously accepted by the compiler but is being phased out; it will become a hard error in a future release!
    = note: `#[warn(unused_attributes)]` (part of `#[warn(unused)]`) on by default

warning: use of deprecated method `std::sync::atomic::Atomic::<usize>::fetch_update`: renamed to `try_update` for consistency
   --> crates/hs-loop/src/repexec.rs:239:10
    |
239 |         .fetch_update(
    |          ^^^^^^^^^^^^
    |
    = note: `#[warn(deprecated)]` on by default
help: replace the use of the deprecated method
    |
239 -         .fetch_update(
239 +         .try_update(
    |

warning: unused return value of `workflow` that must be used
   --> crates/hs-loop/tests/engine_red.rs:144:5
    |
144 |     hs_loop::tools2::workflow(wd.path(), &serde_json::json!({"op":"define","name":"two","steps":["step one","step two"]}));
    |     ^^^^^^^^^^^^^^^^^^^^^^^^^^^^^^^^^^^^^^^^^^^^^^^^^^^^^^^^^^^^^^^^^^^^^^^^^^^^^^^^^^^^^^^^^^^^^^^^^^^^^^^^^^^^^^^^^^^^^^
    |
    = note: `#[warn(unused_must_use)]` (part of `#[warn(unused)]`) on by default
help: use `let _ = ...` to ignore the resulting value
    |
144 |     let _ = hs_loop::tools2::workflow(wd.path(), &serde_json::json!({"op":"define","name":"two","steps":["step one","step two"]}));
    |     +++++++


running 6 tests
......
test result: ok. 6 passed; 0 failed; 0 ignored; 0 measured; 0 filtered out; finished in 0.00s


running 3 tests
...
test result: ok. 3 passed; 0 failed; 0 ignored; 0 measured; 0 filtered out; finished in 0.13s


running 8 tests
........
test result: ok. 8 passed; 0 failed; 0 ignored; 0 measured; 0 filtered out; finished in 0.39s


running 3 tests
. 1/3
repl_advertises_exactly_the_registered_tools_plus_internals --- FAILED
.
failures:

---- repl_advertises_exactly_the_registered_tools_plus_internals stdout ----

thread 'repl_advertises_exactly_the_registered_tools_plus_internals' (618095) panicked at crates/hs-loop/tests/repl_surface_red.rs:150:5:
assertion `left == right` failed: advertised surface must equal registered tools + loop internals (live failure 2026-09-09: term.exec advertised but unregistered, repo.exec/edit.patch registered but unadvertised)
  left: {"agent.fork", "agent.interrupt", "agent.list", "agent.send", "agent.spawn", "agent.spawn_poll", "answer.submit", "bash", "checker.run", "create_goal", "edit", "edit.patch", "get_goal", "glob", "grep", "job_kill", "job_list", "job_output", "memory.recall", "notes.scratch", "read", "repo.exec", "repo.read", "repo.search", "skill.list", "skill.view", "todo_write", "update_goal", "world.install", "world.observe", "world.propose", "world.tick", "write"}
 right: {"agent.fork", "agent.interrupt", "agent.list", "agent.send", "agent.spawn", "agent.spawn_poll", "answer.submit", "bash", "checker.run", "edit", "edit.patch", "glob", "grep", "job_kill", "job_list", "job_output", "memory.recall", "notes.scratch", "read", "repo.exec", "repo.read", "repo.search", "skill.list", "skill.view", "todo_write", "world.install", "world.observe", "world.propose", "world.tick", "write"}
note: run with `RUST_BACKTRACE=1` environment variable to display a backtrace


failures:
    repl_advertises_exactly_the_registered_tools_plus_internals

test result: FAILED. 2 passed; 1 failed; 0 ignored; 0 measured; 0 filtered out; finished in 0.10s

error: test failed, to rerun pass `-p hs-loop --test repl_surface_red`
