warning: unused attribute
   --> crates/hs-loop/src/appback.rs:148:1
    |
148 | #[must_use]
    | ^^^^^^^^^^^ help: remove this attribute
    |
note: attribute also specified here
   --> crates/hs-loop/src/appback.rs:144:1
    |
144 | #[must_use]
    | ^^^^^^^^^^^
    = warning: this was previously accepted by the compiler but is being phased out; it will become a hard error in a future release!
    = note: `#[warn(unused_attributes)]` (part of `#[warn(unused)]`) on by default

warning: use of deprecated method `std::sync::atomic::Atomic::<usize>::fetch_update`: renamed to `try_update` for consistency
   --> crates/hs-loop/src/repexec.rs:239:10
    |
239 |         .fetch_update(
    |          ^^^^^^^^^^^^
    |
    = note: `#[warn(deprecated)]` on by default
help: replace the use of the deprecated method
    |
239 -         .fetch_update(
239 +         .try_update(
    |

error[E0560]: struct `CommandSpec` has no field named `help`
   --> crates/hs-loop/src/tui.rs:174:92
    |
174 |     CommandSpec { name:"goal", args:Some("[objective|edit objective|pause|resume|clear]"), help:"Show or control the session goal" },
    |                                                                                            ^^^^ `CommandSpec` does not have this field
    |
    = note: available fields are: `summary`

For more information about this error, try `rustc --explain E0560`.
error: could not compile `hs-loop` (lib) due to 1 previous error; 2 warnings emitted
