warning: unused attribute
   --> crates/hs-loop/src/appback.rs:148:1
    |
148 | #[must_use]
    | ^^^^^^^^^^^ help: remove this attribute
    |
note: attribute also specified here
   --> crates/hs-loop/src/appback.rs:144:1
    |
144 | #[must_use]
    | ^^^^^^^^^^^
    = warning: this was previously accepted by the compiler but is being phased out; it will become a hard error in a future release!
    = note: `#[warn(unused_attributes)]` (part of `#[warn(unused)]`) on by default

warning: use of deprecated method `std::sync::atomic::Atomic::<usize>::fetch_update`: renamed to `try_update` for consistency
   --> crates/hs-loop/src/repexec.rs:239:10
    |
239 |         .fetch_update(
    |          ^^^^^^^^^^^^
    |
    = note: `#[warn(deprecated)]` on by default
help: replace the use of the deprecated method
    |
239 -         .fetch_update(
239 +         .try_update(
    |


running 13 tests
.............
test result: ok. 13 passed; 0 failed; 0 ignored; 0 measured; 0 filtered out; finished in 0.00s


running 4 tests
. 1/4
host_controls_paused_resume_and_clear_survive_replay --- FAILED
..
failures:

---- host_controls_paused_resume_and_clear_survive_replay stdout ----

thread 'host_controls_paused_resume_and_clear_survive_replay' (781713) panicked at crates/hs-loop/tests/dsh_goal_session_red.rs:7:393:
called `Result::unwrap()` on an `Err` value: Kernel(Protocol("default model \"scripted\" failed preflight: offline model needs HS_SEQMODEL_SCRIPT=<script.jsonl> - see the README's offline quickstart"))
note: run with `RUST_BACKTRACE=1` environment variable to display a backtrace


failures:
    host_controls_paused_resume_and_clear_survive_replay

test result: FAILED. 3 passed; 1 failed; 0 ignored; 0 measured; 0 filtered out; finished in 0.21s

error: test failed, to rerun pass `-p hs-loop --test dsh_goal_session_red`
