warning: unused attribute
   --> crates/hs-loop/src/appback.rs:148:1
    |
148 | #[must_use]
    | ^^^^^^^^^^^ help: remove this attribute
    |
note: attribute also specified here
   --> crates/hs-loop/src/appback.rs:144:1
    |
144 | #[must_use]
    | ^^^^^^^^^^^
    = warning: this was previously accepted by the compiler but is being phased out; it will become a hard error in a future release!
    = note: `#[warn(unused_attributes)]` (part of `#[warn(unused)]`) on by default

warning: use of deprecated method `std::sync::atomic::Atomic::<usize>::fetch_update`: renamed to `try_update` for consistency
   --> crates/hs-loop/src/repexec.rs:239:10
    |
239 |         .fetch_update(
    |          ^^^^^^^^^^^^
    |
    = note: `#[warn(deprecated)]` on by default
help: replace the use of the deprecated method
    |
239 -         .fetch_update(
239 +         .try_update(
    |


running 5 tests
. 1/5
read_caps_utf16_line_length_and_bytes --- FAILED
read_has_numbered_window_and_eof --- FAILED
exact_read_schema_matches_captured_wire --- FAILED
.
failures:

---- read_caps_utf16_line_length_and_bytes stdout ----

thread 'read_caps_utf16_line_length_and_bytes' (151416) panicked at crates/hs-loop/tests/dsh_read_red.rs:9:207:
called `Result::unwrap()` on an `Err` value: "not implemented"
note: run with `RUST_BACKTRACE=1` environment variable to display a backtrace

---- read_has_numbered_window_and_eof stdout ----

thread 'read_has_numbered_window_and_eof' (151417) panicked at crates/hs-loop/tests/dsh_read_red.rs:5:225:
called `Result::unwrap()` on an `Err` value: "not implemented"

---- exact_read_schema_matches_captured_wire stdout ----

thread 'exact_read_schema_matches_captured_wire' (151414) panicked at crates/hs-loop/tests/dsh_read_red.rs:3:217:
called `Option::unwrap()` on a `None` value


failures:
    exact_read_schema_matches_captured_wire
    read_caps_utf16_line_length_and_bytes
    read_has_numbered_window_and_eof

test result: FAILED. 2 passed; 3 failed; 0 ignored; 0 measured; 0 filtered out; finished in 0.00s

error: test failed, to rerun pass `-p hs-loop --test dsh_read_red`
