warning: unused attribute
   --> crates/hs-loop/src/appback.rs:148:1
    |
148 | #[must_use]
    | ^^^^^^^^^^^ help: remove this attribute
    |
note: attribute also specified here
   --> crates/hs-loop/src/appback.rs:144:1
    |
144 | #[must_use]
    | ^^^^^^^^^^^
    = warning: this was previously accepted by the compiler but is being phased out; it will become a hard error in a future release!
    = note: `#[warn(unused_attributes)]` (part of `#[warn(unused)]`) on by default

warning: use of deprecated method `std::sync::atomic::Atomic::<usize>::fetch_update`: renamed to `try_update` for consistency
   --> crates/hs-loop/src/repexec.rs:239:10
    |
239 |         .fetch_update(
    |          ^^^^^^^^^^^^
    |
    = note: `#[warn(deprecated)]` on by default
help: replace the use of the deprecated method
    |
239 -         .fetch_update(
239 +         .try_update(
    |

error[E0599]: no method named `is_err_or` found for enum `Result<T, E>` in the current scope
    --> crates/hs-loop/src/lib.rs:2082:28
     |
2082 | ...   if result.as_ref().is_err_or(|r|matches!(r.outcome.as_str(),"harness_error"|"interrupted"|"budget_killed"|"wall_killed")){se...
     |                          ^^^^^^^^^
     |
help: there is a method `is_err` with a similar name, but with different arguments
    --> /rustc/b940084d7eb6a299eb4bfeb8e34901bc051e7ac4/library/core/src/result.rs:647:4

For more information about this error, try `rustc --explain E0599`.
error: could not compile `hs-loop` (lib) due to 1 previous error; 2 warnings emitted
