warning: unused attribute
   --> crates/hs-loop/src/appback.rs:148:1
    |
148 | #[must_use]
    | ^^^^^^^^^^^ help: remove this attribute
    |
note: attribute also specified here
   --> crates/hs-loop/src/appback.rs:144:1
    |
144 | #[must_use]
    | ^^^^^^^^^^^
    = warning: this was previously accepted by the compiler but is being phased out; it will become a hard error in a future release!
    = note: `#[warn(unused_attributes)]` (part of `#[warn(unused)]`) on by default

warning: use of deprecated method `std::sync::atomic::Atomic::<usize>::fetch_update`: renamed to `try_update` for consistency
   --> crates/hs-loop/src/repexec.rs:239:10
    |
239 |         .fetch_update(
    |          ^^^^^^^^^^^^
    |
    = note: `#[warn(deprecated)]` on by default
help: replace the use of the deprecated method
    |
239 -         .fetch_update(
239 +         .try_update(
    |


running 3 tests
native_jobs_record_only_collected_settled_evidence --- FAILED
native_foreground_records_exit_and_stream_evidence --- FAILED
.
failures:

---- native_jobs_record_only_collected_settled_evidence stdout ----

thread 'native_jobs_record_only_collected_settled_evidence' (430567) panicked at crates/hs-loop/tests/dsh_ledger_red.rs:3:421:
assertion failed: l.model_verified()
note: run with `RUST_BACKTRACE=1` environment variable to display a backtrace

---- native_foreground_records_exit_and_stream_evidence stdout ----

thread 'native_foreground_records_exit_and_stream_evidence' (430566) panicked at crates/hs-loop/tests/dsh_ledger_red.rs:2:293:
assertion failed: l.model_verified()


failures:
    native_foreground_records_exit_and_stream_evidence
    native_jobs_record_only_collected_settled_evidence

test result: FAILED. 1 passed; 2 failed; 0 ignored; 0 measured; 0 filtered out; finished in 0.00s

error: test failed, to rerun pass `-p hs-loop --test dsh_ledger_red`
