warning: unused attribute
   --> crates/hs-loop/src/appback.rs:148:1
    |
148 | #[must_use]
    | ^^^^^^^^^^^ help: remove this attribute
    |
note: attribute also specified here
   --> crates/hs-loop/src/appback.rs:144:1
    |
144 | #[must_use]
    | ^^^^^^^^^^^
    = warning: this was previously accepted by the compiler but is being phased out; it will become a hard error in a future release!
    = note: `#[warn(unused_attributes)]` (part of `#[warn(unused)]`) on by default

warning: use of deprecated method `std::sync::atomic::Atomic::<usize>::fetch_update`: renamed to `try_update` for consistency
   --> crates/hs-loop/src/repexec.rs:239:10
    |
239 |         .fetch_update(
    |          ^^^^^^^^^^^^
    |
    = note: `#[warn(deprecated)]` on by default
help: replace the use of the deprecated method
    |
239 -         .fetch_update(
239 +         .try_update(
    |


running 7 tests
.......
test result: ok. 7 passed; 0 failed; 0 ignored; 0 measured; 0 filtered out; finished in 0.13s


running 4 tests
....
test result: ok. 4 passed; 0 failed; 0 ignored; 0 measured; 0 filtered out; finished in 0.00s


running 18 tests
............ 12/18
packaged_search_ignores_path_executable_injection --- FAILED
.....
failures:

---- packaged_search_ignores_path_executable_injection stdout ----

thread 'packaged_search_ignores_path_executable_injection' (437324) panicked at crates/hs-loop/tests/dsh_search_red.rs:17:530:
called `Result::unwrap()` on an `Err` value: Os { code: 26, kind: ExecutableFileBusy, message: "Text file busy" }
note: run with `RUST_BACKTRACE=1` environment variable to display a backtrace


failures:
    packaged_search_ignores_path_executable_injection

test result: FAILED. 17 passed; 1 failed; 0 ignored; 0 measured; 0 filtered out; finished in 2.50s

error: test failed, to rerun pass `-p hs-loop --test dsh_search_red`
