warning: unused attribute
   --> crates/hs-loop/src/appback.rs:148:1
    |
148 | #[must_use]
    | ^^^^^^^^^^^ help: remove this attribute
    |
note: attribute also specified here
   --> crates/hs-loop/src/appback.rs:144:1
    |
144 | #[must_use]
    | ^^^^^^^^^^^
    = warning: this was previously accepted by the compiler but is being phased out; it will become a hard error in a future release!
    = note: `#[warn(unused_attributes)]` (part of `#[warn(unused)]`) on by default

warning: use of deprecated method `std::sync::atomic::Atomic::<usize>::fetch_update`: renamed to `try_update` for consistency
   --> crates/hs-loop/src/repexec.rs:239:10
    |
239 |         .fetch_update(
    |          ^^^^^^^^^^^^
    |
    = note: `#[warn(deprecated)]` on by default
help: replace the use of the deprecated method
    |
239 -         .fetch_update(
239 +         .try_update(
    |


running 2 tests
configured_custom_skill_and_default_history_are_owned_by_session --- FAILED
invalid_skill_root_configuration_fails_at_load --- FAILED

failures:

---- configured_custom_skill_and_default_history_are_owned_by_session stdout ----

thread 'configured_custom_skill_and_default_history_are_owned_by_session' (848925) panicked at crates/hs-loop/tests/dsh_skill_session_red.rs:2:1155:
assertion failed: v.iter().any(|v|
        v["plugin"] == "skill" &&
            v["result"]["content"] ==
                "Follow these exact private instructions.")
note: run with `RUST_BACKTRACE=1` environment variable to display a backtrace

---- invalid_skill_root_configuration_fails_at_load stdout ----

thread 'invalid_skill_root_configuration_fails_at_load' (848926) panicked at crates/hs-loop/tests/dsh_skill_session_red.rs:3:577:
includeDefaultRoots='false'


failures:
    configured_custom_skill_and_default_history_are_owned_by_session
    invalid_skill_root_configuration_fails_at_load

test result: FAILED. 0 passed; 2 failed; 0 ignored; 0 measured; 0 filtered out; finished in 0.07s

error: test failed, to rerun pass `-p hs-loop --test dsh_skill_session_red`
