warning: unused attribute
   --> crates/hs-loop/src/appback.rs:148:1
    |
148 | #[must_use]
    | ^^^^^^^^^^^ help: remove this attribute
    |
note: attribute also specified here
   --> crates/hs-loop/src/appback.rs:144:1
    |
144 | #[must_use]
    | ^^^^^^^^^^^
    = warning: this was previously accepted by the compiler but is being phased out; it will become a hard error in a future release!
    = note: `#[warn(unused_attributes)]` (part of `#[warn(unused)]`) on by default

warning: use of deprecated method `std::sync::atomic::Atomic::<usize>::fetch_update`: renamed to `try_update` for consistency
   --> crates/hs-loop/src/repexec.rs:239:10
    |
239 |         .fetch_update(
    |          ^^^^^^^^^^^^
    |
    = note: `#[warn(deprecated)]` on by default
help: replace the use of the deprecated method
    |
239 -         .fetch_update(
239 +         .try_update(
    |


running 10 tests
..... 5/10
replacing_completed_goal_replays_fresh_identity --- FAILED
....
failures:

---- replacing_completed_goal_replays_fresh_identity stdout ----

thread 'replacing_completed_goal_replays_fresh_identity' (677017) panicked at crates/hs-loop/tests/dsh_goal_core_red.rs:11:626:
called `Result::unwrap()` on an `Err` value: "invalid host goal replay"
note: run with `RUST_BACKTRACE=1` environment variable to display a backtrace


failures:
    replacing_completed_goal_replays_fresh_identity

test result: FAILED. 9 passed; 1 failed; 0 ignored; 0 measured; 0 filtered out; finished in 0.00s

error: test failed, to rerun pass `-p hs-loop --test dsh_goal_core_red`
