warning: unused attribute
   --> crates/hs-loop/src/appback.rs:148:1
    |
148 | #[must_use]
    | ^^^^^^^^^^^ help: remove this attribute
    |
note: attribute also specified here
   --> crates/hs-loop/src/appback.rs:144:1
    |
144 | #[must_use]
    | ^^^^^^^^^^^
    = warning: this was previously accepted by the compiler but is being phased out; it will become a hard error in a future release!
    = note: `#[warn(unused_attributes)]` (part of `#[warn(unused)]`) on by default

warning: use of deprecated method `std::sync::atomic::Atomic::<usize>::fetch_update`: renamed to `try_update` for consistency
   --> crates/hs-loop/src/repexec.rs:239:10
    |
239 |         .fetch_update(
    |          ^^^^^^^^^^^^
    |
    = note: `#[warn(deprecated)]` on by default
help: replace the use of the deprecated method
    |
239 -         .fetch_update(
239 +         .try_update(
    |

warning: variable `restored_skill_history` is assigned to, but never used
   --> crates/hs-loop/src/lib.rs:626:13
    |
626 |         let mut restored_skill_history=false;
    |             ^^^^^^^^^^^^^^^^^^^^^^^^^^
    |
    = note: consider using `_restored_skill_history` instead
    = note: `#[warn(unused_variables)]` (part of `#[warn(unused)]`) on by default

warning: value assigned to `restored_skill_history` is never read
   --> crates/hs-loop/src/lib.rs:646:81
    |
646 |                     if v["plugin"]=="skill"&&v["result"].get("error").is_none(){restored_skill_history=true;}
    |                                                                                 ^^^^^^^^^^^^^^^^^^^^^^^^^^^
    |
    = help: maybe it is overwritten before being read?
    = note: `#[warn(unused_assignments)]` (part of `#[warn(unused)]`) on by default


running 1 test
restored_inner_loop_has_skill_history_even_without_repl_memory_override --- FAILED

failures:

---- restored_inner_loop_has_skill_history_even_without_repl_memory_override stdout ----

thread 'restored_inner_loop_has_skill_history_even_without_repl_memory_override' (869753) panicked at crates/hs-loop/tests/dsh_skill_session_red.rs:5:1533:
assertion failed: calls.last().unwrap()["messages"].as_array().unwrap().iter().any(|m|
        m["role"] == "tool" &&
            m["content"].as_str().is_some_and(|s|
                    s.contains("Restored alpha instructions.")))
note: run with `RUST_BACKTRACE=1` environment variable to display a backtrace


failures:
    restored_inner_loop_has_skill_history_even_without_repl_memory_override

test result: FAILED. 0 passed; 1 failed; 0 ignored; 0 measured; 3 filtered out; finished in 0.08s

error: test failed, to rerun pass `-p hs-loop --test dsh_skill_session_red`
