warning: unused attribute
   --> crates/hs-loop/src/appback.rs:148:1
    |
148 | #[must_use]
    | ^^^^^^^^^^^ help: remove this attribute
    |
note: attribute also specified here
   --> crates/hs-loop/src/appback.rs:144:1
    |
144 | #[must_use]
    | ^^^^^^^^^^^
    = warning: this was previously accepted by the compiler but is being phased out; it will become a hard error in a future release!
    = note: `#[warn(unused_attributes)]` (part of `#[warn(unused)]`) on by default

warning: use of deprecated method `std::sync::atomic::Atomic::<usize>::fetch_update`: renamed to `try_update` for consistency
   --> crates/hs-loop/src/repexec.rs:239:10
    |
239 |         .fetch_update(
    |          ^^^^^^^^^^^^
    |
    = note: `#[warn(deprecated)]` on by default
help: replace the use of the deprecated method
    |
239 -         .fetch_update(
239 +         .try_update(
    |

error[E0004]: non-exhaustive patterns: `&UiEvent::SessionGoal { .. }` not covered
   --> crates/hs-loop/tests/uipaint_red.rs:72:24
    |
 72 |         .map(|e| match e {
    |                        ^ pattern `&UiEvent::SessionGoal { .. }` not covered
    |
note: `UiEvent` defined here
   --> crates/hs-loop/src/uipaint.rs:164:1
    |
164 | pub enum UiEvent {
    | ^^^^^^^^^^^^^^^^
...
199 |     SessionGoal { value: serde_json::Value },
    |     ----------- not covered
    = note: the matched value is of type `&UiEvent`
help: ensure that all possible cases are being handled by adding a match arm with a wildcard pattern or an explicit pattern as shown
    |
 83 ~             UiEvent::ModelCallCache { .. } => "model_cache",
 84 ~             &UiEvent::SessionGoal { .. } => todo!(),
    |

For more information about this error, try `rustc --explain E0004`.
error: could not compile `hs-loop` (test "uipaint_red") due to 1 previous error
