warning: unused attribute
   --> crates/hs-loop/src/appback.rs:148:1
    |
148 | #[must_use]
    | ^^^^^^^^^^^ help: remove this attribute
    |
note: attribute also specified here
   --> crates/hs-loop/src/appback.rs:144:1
    |
144 | #[must_use]
    | ^^^^^^^^^^^
    = warning: this was previously accepted by the compiler but is being phased out; it will become a hard error in a future release!
    = note: `#[warn(unused_attributes)]` (part of `#[warn(unused)]`) on by default

warning: use of deprecated method `std::sync::atomic::Atomic::<usize>::fetch_update`: renamed to `try_update` for consistency
   --> crates/hs-loop/src/repexec.rs:239:10
    |
239 |         .fetch_update(
    |          ^^^^^^^^^^^^
    |
    = note: `#[warn(deprecated)]` on by default
help: replace the use of the deprecated method
    |
239 -         .fetch_update(
239 +         .try_update(
    |


running 8 tests
... 3/8
grep_preview_caps_utf8_line_without_corrupting_it --- FAILED
....
failures:

---- grep_preview_caps_utf8_line_without_corrupting_it stdout ----

thread 'grep_preview_caps_utf8_line_without_corrupting_it' (345257) panicked at crates/hs-loop/tests/dsh_search_red.rs:8:235:
assertion failed: text.len() < 5000
note: run with `RUST_BACKTRACE=1` environment variable to display a backtrace


failures:
    grep_preview_caps_utf8_line_without_corrupting_it

test result: FAILED. 7 passed; 1 failed; 0 ignored; 0 measured; 0 filtered out; finished in 0.03s

error: test failed, to rerun pass `-p hs-loop --test dsh_search_red`
