warning: unused attribute
   --> crates/hs-loop/src/appback.rs:148:1
    |
148 | #[must_use]
    | ^^^^^^^^^^^ help: remove this attribute
    |
note: attribute also specified here
   --> crates/hs-loop/src/appback.rs:144:1
    |
144 | #[must_use]
    | ^^^^^^^^^^^
    = warning: this was previously accepted by the compiler but is being phased out; it will become a hard error in a future release!
    = note: `#[warn(unused_attributes)]` (part of `#[warn(unused)]`) on by default

warning: use of deprecated method `std::sync::atomic::Atomic::<usize>::fetch_update`: renamed to `try_update` for consistency
   --> crates/hs-loop/src/repexec.rs:239:10
    |
239 |         .fetch_update(
    |          ^^^^^^^^^^^^
    |
    = note: `#[warn(deprecated)]` on by default
help: replace the use of the deprecated method
    |
239 -         .fetch_update(
239 +         .try_update(
    |

error[E0432]: unresolved import `hs_loop::dshgoal`
 --> crates/hs-loop/tests/dsh_goal_core_red.rs:1:14
  |
1 | use hs_loop::dshgoal::{GoalSession,Authority};use serde_json::json;
  |              ^^^^^^^ could not find `dshgoal` in `hs_loop`

For more information about this error, try `rustc --explain E0432`.
error: could not compile `hs-loop` (test "dsh_goal_core_red") due to 1 previous error
