Traceback (most recent call last):
  File "/tmp/skill-leading-red.py", line 24, in <module>
    assert any('› /parser fix fixture' in row for row in screen.display), '\n'.join(screen.display)
AssertionError: ┌ HAIRSPRING: Session · f3e761f9 ──────────────────────────────────────────────────────────────────────────────────────┐
│unknown command /parser fix fixture (/help lists commands)                                                            │
│                                                                                                                      │
│                                                                                                                      │
│                                                                                                                      │
│                                                                                                                      │
│                                                                                                                      │
│                                                                                                                      │
│                                                                                                                      │
│                                                                                                                      │
│                                                                                                                      │
│                                                                                                                      │
│                                                                                                                      │
│                                                                                                                      │
│                                                                                                                      │
│                                                                                                                      │
│                                                                                                                      │
│                                                                                                                      │
│                                                                                                                      │
│                                                                                                                      │
│                                                                                                                      │
│                                                                                                                      │
│                                                                                                                      │
│                                                                                                                      │
│                                                                                                                      │
│                                                                                                                      │
│                                                                                                                      │
│                                                                                                                      │
│                                                                                                                      │
└──────────────────────────────────────────────────────────────────────────────────────────────────────────────────────┘
                                                                                                                        
  ┌ message or /command ─────────────────────────────────────────────────────────────────────────────────────────────┐  
  │Agent  Message HAIRSPRING...                                                                                      │  
  │scripted  @ files  shift+enter new line  tab modes                                                                │  
  └──────────────────────────────────────────────────────────────────────────────────────────────────────────────────┘  
/tmp/hs  scripted  shift+enter new line  tab modes                                                                      
