warning: unused attribute
   --> crates/hs-loop/src/appback.rs:148:1
    |
148 | #[must_use]
    | ^^^^^^^^^^^ help: remove this attribute
    |
note: attribute also specified here
   --> crates/hs-loop/src/appback.rs:144:1
    |
144 | #[must_use]
    | ^^^^^^^^^^^
    = warning: this was previously accepted by the compiler but is being phased out; it will become a hard error in a future release!
    = note: `#[warn(unused_attributes)]` (part of `#[warn(unused)]`) on by default

warning: use of deprecated method `std::sync::atomic::Atomic::<usize>::fetch_update`: renamed to `try_update` for consistency
   --> crates/hs-loop/src/repexec.rs:239:10
    |
239 |         .fetch_update(
    |          ^^^^^^^^^^^^
    |
    = note: `#[warn(deprecated)]` on by default
help: replace the use of the deprecated method
    |
239 -         .fetch_update(
239 +         .try_update(
    |


running 18 tests
.. 2/18
completed_output_must_be_collected_before_final --- FAILED
....... 10/18
model_render_uses_dsh_status_and_foreground_markers --- FAILED
.......
failures:

---- completed_output_must_be_collected_before_final stdout ----

thread 'completed_output_must_be_collected_before_final' (222440) panicked at crates/hs-loop/tests/dsh_jobs_red.rs:35:300:
assertion `left == right` failed
  left: 0
 right: 1
note: run with `RUST_BACKTRACE=1` environment variable to display a backtrace

---- model_render_uses_dsh_status_and_foreground_markers stdout ----

thread 'model_render_uses_dsh_status_and_foreground_markers' (222511) panicked at crates/hs-loop/tests/dsh_jobs_red.rs:36:65:
assertion `left == right` failed
  left: "{\"job\":{\"status\":\"completed\"},\"text\":\"\"}"
 right: "(no new output)\n[status: completed]"


failures:
    completed_output_must_be_collected_before_final
    model_render_uses_dsh_status_and_foreground_markers

test result: FAILED. 16 passed; 2 failed; 0 ignored; 0 measured; 0 filtered out; finished in 0.63s

error: test failed, to rerun pass `-p hs-loop --test dsh_jobs_red`
