warning: unused attribute
   --> crates/hs-loop/src/appback.rs:148:1
    |
148 | #[must_use]
    | ^^^^^^^^^^^ help: remove this attribute
    |
note: attribute also specified here
   --> crates/hs-loop/src/appback.rs:144:1
    |
144 | #[must_use]
    | ^^^^^^^^^^^
    = warning: this was previously accepted by the compiler but is being phased out; it will become a hard error in a future release!
    = note: `#[warn(unused_attributes)]` (part of `#[warn(unused)]`) on by default

warning: use of deprecated method `std::sync::atomic::Atomic::<usize>::fetch_update`: renamed to `try_update` for consistency
   --> crates/hs-loop/src/repexec.rs:239:10
    |
239 |         .fetch_update(
    |          ^^^^^^^^^^^^
    |
    = note: `#[warn(deprecated)]` on by default
help: replace the use of the deprecated method
    |
239 -         .fetch_update(
239 +         .try_update(
    |


running 1 test
cancellation_reason_is_retained_in_job_detail --- FAILED

failures:

---- cancellation_reason_is_retained_in_job_detail stdout ----

thread 'cancellation_reason_is_retained_in_job_detail' (283985) panicked at crates/hs-loop/tests/dsh_jobs_red.rs:41:428:
assertion failed: v["job"]["detail"].as_str().unwrap_or("").contains("No longer needed")
note: run with `RUST_BACKTRACE=1` environment variable to display a backtrace


failures:
    cancellation_reason_is_retained_in_job_detail

test result: FAILED. 0 passed; 1 failed; 0 ignored; 0 measured; 22 filtered out; finished in 5.01s

error: test failed, to rerun pass `-p hs-loop --test dsh_jobs_red`
