warning: unused attribute
   --> crates/hs-loop/src/appback.rs:148:1
    |
148 | #[must_use]
    | ^^^^^^^^^^^ help: remove this attribute
    |
note: attribute also specified here
   --> crates/hs-loop/src/appback.rs:144:1
    |
144 | #[must_use]
    | ^^^^^^^^^^^
    = warning: this was previously accepted by the compiler but is being phased out; it will become a hard error in a future release!
    = note: `#[warn(unused_attributes)]` (part of `#[warn(unused)]`) on by default

warning: use of deprecated method `std::sync::atomic::Atomic::<usize>::fetch_update`: renamed to `try_update` for consistency
   --> crates/hs-loop/src/repexec.rs:239:10
    |
239 |         .fetch_update(
    |          ^^^^^^^^^^^^
    |
    = note: `#[warn(deprecated)]` on by default
help: replace the use of the deprecated method
    |
239 -         .fetch_update(
239 +         .try_update(
    |

error[E0425]: cannot find function `packaged_rg` in module `dshsearch`
  --> crates/hs-loop/tests/dsh_search_red.rs:17:567
   |
17 | ...t.unwrap().status.success());let p=dshsearch::packaged_rg().unwrap();assert!(p.path().is_absolute());let result=std::process::Com...
   |                                                  ^^^^^^^^^^^ not found in `dshsearch`

For more information about this error, try `rustc --explain E0425`.
error: could not compile `hs-loop` (test "dsh_search_red") due to 1 previous error
