warning: unused attribute
   --> crates/hs-loop/src/appback.rs:148:1
    |
148 | #[must_use]
    | ^^^^^^^^^^^ help: remove this attribute
    |
note: attribute also specified here
   --> crates/hs-loop/src/appback.rs:144:1
    |
144 | #[must_use]
    | ^^^^^^^^^^^
    = warning: this was previously accepted by the compiler but is being phased out; it will become a hard error in a future release!
    = note: `#[warn(unused_attributes)]` (part of `#[warn(unused)]`) on by default

warning: use of deprecated method `std::sync::atomic::Atomic::<usize>::fetch_update`: renamed to `try_update` for consistency
   --> crates/hs-loop/src/repexec.rs:239:10
    |
239 |         .fetch_update(
    |          ^^^^^^^^^^^^
    |
    = note: `#[warn(deprecated)]` on by default
help: replace the use of the deprecated method
    |
239 -         .fetch_update(
239 +         .try_update(
    |


running 9 tests
...... 6/9
spill_preparation_failure_does_not_launch_command --- FAILED
utf8_tail_never_invents_replacement_characters --- FAILED
.
failures:

---- spill_preparation_failure_does_not_launch_command stdout ----

thread 'spill_preparation_failure_does_not_launch_command' (211849) panicked at crates/hs-loop/tests/dsh_jobs_red.rs:18:333:
assertion failed: !d.path().join("marker").exists()
note: run with `RUST_BACKTRACE=1` environment variable to display a backtrace

---- utf8_tail_never_invents_replacement_characters stdout ----

thread 'utf8_tail_never_invents_replacement_characters' (211864) panicked at crates/hs-loop/tests/dsh_jobs_red.rs:20:249:
assertion failed: !v["stdout"]["text"].as_str().unwrap().contains('\u{fffd}')


failures:
    spill_preparation_failure_does_not_launch_command
    utf8_tail_never_invents_replacement_characters

test result: FAILED. 7 passed; 2 failed; 0 ignored; 0 measured; 0 filtered out; finished in 0.19s

error: test failed, to rerun pass `-p hs-loop --test dsh_jobs_red`
