warning: unused attribute
   --> crates/hs-loop/src/appback.rs:148:1
    |
148 | #[must_use]
    | ^^^^^^^^^^^ help: remove this attribute
    |
note: attribute also specified here
   --> crates/hs-loop/src/appback.rs:144:1
    |
144 | #[must_use]
    | ^^^^^^^^^^^
    = warning: this was previously accepted by the compiler but is being phased out; it will become a hard error in a future release!
    = note: `#[warn(unused_attributes)]` (part of `#[warn(unused)]`) on by default

warning: use of deprecated method `std::sync::atomic::Atomic::<usize>::fetch_update`: renamed to `try_update` for consistency
   --> crates/hs-loop/src/repexec.rs:239:10
    |
239 |         .fetch_update(
    |          ^^^^^^^^^^^^
    |
    = note: `#[warn(deprecated)]` on by default
help: replace the use of the deprecated method
    |
239 -         .fetch_update(
239 +         .try_update(
    |


running 2 tests
wrapup_is_the_exact_dsh_complete_instruction --- FAILED
deferred_context_is_after_result_as_durable_user_message --- FAILED

failures:

---- wrapup_is_the_exact_dsh_complete_instruction stdout ----

thread 'wrapup_is_the_exact_dsh_complete_instruction' (714275) panicked at crates/hs-loop/tests/dsh_goal_wrapup_red.rs:2:1052:
assertion `left == right` failed
  left: "<goal_complete>\nObjective: \"Verify files\"\nWrite the closing message now with only outcomes and verification established in this session. Note any concrete blocking condition and what is needed. No further work tools: finish through the normal answer submission and independent verification path. This goal status is not a checker pass.\n</goal_complete>"
 right: "<goal_complete>\nObjective: \"Verify files\"\nThe goal is marked complete and this autonomous run is ending. Write the closing message to the user now: state the outcome, summarize what was done and how it was verified, and point to the concrete results (files, commits, or other artifacts). Report only what earlier rounds and tool results in this session actually establish; when a detail is not in the session, say so instead of inventing it. Note anything the user should review or do next. Address the user directly. Do not call any more tools in this run; further work waits for the user's next instruction.\n</goal_complete>"
note: run with `RUST_BACKTRACE=1` environment variable to display a backtrace

---- deferred_context_is_after_result_as_durable_user_message stdout ----

thread 'deferred_context_is_after_result_as_durable_user_message' (714274) panicked at crates/hs-loop/tests/dsh_goal_wrapup_red.rs:3:640:
assertion `left == right` failed
  left: 2
 right: 3


failures:
    deferred_context_is_after_result_as_durable_user_message
    wrapup_is_the_exact_dsh_complete_instruction

test result: FAILED. 0 passed; 2 failed; 0 ignored; 0 measured; 0 filtered out; finished in 0.00s

error: test failed, to rerun pass `-p hs-loop --test dsh_goal_wrapup_red`
