warning: unused attribute
   --> crates/hs-loop/src/appback.rs:148:1
    |
148 | #[must_use]
    | ^^^^^^^^^^^ help: remove this attribute
    |
note: attribute also specified here
   --> crates/hs-loop/src/appback.rs:144:1
    |
144 | #[must_use]
    | ^^^^^^^^^^^
    = warning: this was previously accepted by the compiler but is being phased out; it will become a hard error in a future release!
    = note: `#[warn(unused_attributes)]` (part of `#[warn(unused)]`) on by default

warning: use of deprecated method `std::sync::atomic::Atomic::<usize>::fetch_update`: renamed to `try_update` for consistency
   --> crates/hs-loop/src/repexec.rs:239:10
    |
239 |         .fetch_update(
    |          ^^^^^^^^^^^^
    |
    = note: `#[warn(deprecated)]` on by default
help: replace the use of the deprecated method
    |
239 -         .fetch_update(
239 +         .try_update(
    |


running 13 tests
.. 2/13
host_edit_accepts_all_whitespace_and_preserves_reserved_words_in_objective --- FAILED
host_edit_of_completed_goal_replaces_with_fresh_identity --- FAILED
....... 11/13
strict_restore_rejects_unnormalized_objective_and_blocker --- FAILED
.
failures:

---- host_edit_accepts_all_whitespace_and_preserves_reserved_words_in_objective stdout ----

thread 'host_edit_accepts_all_whitespace_and_preserves_reserved_words_in_objective' (780837) panicked at crates/hs-loop/tests/dsh_goal_core_red.rs:13:191:
called `Result::unwrap()` on an `Err` value: "GOAL_ALREADY_EXISTS"
note: run with `RUST_BACKTRACE=1` environment variable to display a backtrace

---- host_edit_of_completed_goal_replaces_with_fresh_identity stdout ----

thread 'host_edit_of_completed_goal_replaces_with_fresh_identity' (780838) panicked at crates/hs-loop/tests/dsh_goal_core_red.rs:12:309:
assertion `left == right` failed
  left: Number(3)
 right: 1

---- strict_restore_rejects_unnormalized_objective_and_blocker stdout ----

thread 'strict_restore_rejects_unnormalized_objective_and_blocker' (780846) panicked at crates/hs-loop/tests/dsh_goal_core_red.rs:14:200:
assertion failed: GoalSession::restore(bad).is_err()


failures:
    host_edit_accepts_all_whitespace_and_preserves_reserved_words_in_objective
    host_edit_of_completed_goal_replaces_with_fresh_identity
    strict_restore_rejects_unnormalized_objective_and_blocker

test result: FAILED. 10 passed; 3 failed; 0 ignored; 0 measured; 0 filtered out; finished in 0.00s

error: test failed, to rerun pass `-p hs-loop --test dsh_goal_core_red`
